============================= test session starts ==============================
platform linux -- Python 3.12.12, pytest-9.0.2, pluggy-1.6.0
rootdir: /app/Lubricentro/Lubricentro 2.1
collected 14 items

tests/test_caja_service.py ...                                           [ 21%]
tests/test_config_service.py ...                                         [ 42%]
tests/test_costo_service.py ..                                           [ 57%]
tests/test_producto_service.py ...                                       [ 78%]
tests/test_salidas_service.py ...                                        [100%]

=============================== warnings summary ===============================
tests/test_salidas_service.py::TestSalidasService::test_registrar_adelanto_sueldo
tests/test_salidas_service.py::TestSalidasService::test_registrar_gasto_negocio
tests/test_salidas_service.py::TestSalidasService::test_registrar_impuesto
  /home/jules/.pyenv/versions/3.12.12/lib/python3.12/site-packages/sqlalchemy/sql/schema.py:3624: DeprecationWarning: datetime.datetime.utcnow() is deprecated and scheduled for removal in a future version. Use timezone-aware objects to represent datetimes in UTC: datetime.datetime.now(datetime.UTC).
    return util.wrap_callable(lambda ctx: fn(), fn)  # type: ignore

-- Docs: https://docs.pytest.org/en/stable/how-to/capture-warnings.html
======================== 14 passed, 3 warnings in 1.06s ========================
