
--- VentasTab ---
Import falló: ventas.historial.HistorialVentasTab
Traceback (most recent call last):
  File "/app/ventas/main_tab.py", line 26, in _safe_import
    m = importlib.import_module(modname)
        ^^^^^^^^^^^^^^^^^^^^^^^^^^^^^^^^
  File "/home/jules/.pyenv/versions/3.12.12/lib/python3.12/importlib/__init__.py", line 90, in import_module
    return _bootstrap._gcd_import(name[level:], package, level)
           ^^^^^^^^^^^^^^^^^^^^^^^^^^^^^^^^^^^^^^^^^^^^^^^^^^^^
  File "<frozen importlib._bootstrap>", line 1387, in _gcd_import
  File "<frozen importlib._bootstrap>", line 1360, in _find_and_load
  File "<frozen importlib._bootstrap>", line 1331, in _find_and_load_unlocked
  File "<frozen importlib._bootstrap>", line 935, in _load_unlocked
  File "<frozen importlib._bootstrap_external>", line 999, in exec_module
  File "<frozen importlib._bootstrap>", line 488, in _call_with_frames_removed
  File "/app/ventas/historial.py", line 4, in <module>
    from PyQt5.QtGui import QDesktopServices
ModuleNotFoundError: No module named 'PyQt5.QtGui'; 'PyQt5' is not a package

----------------------------------------------------------
[Inicio: 28/01/2026 17:56:36,40]
----------------------------------------------------------
----------------------------------------------------------
[Inicio: 29/01/2026  9:24:38,66]
----------------------------------------------------------
----------------------------------------------------------
[Inicio: 29/01/2026 10:53:51,65]
----------------------------------------------------------
QObject::~QObject: Timers cannot be stopped from another thread
----------------------------------------------------------
[Inicio: 02/02/2026 10:32:46,06]
----------------------------------------------------------
----------------------------------------------------------
[Inicio: 02/02/2026 10:35:55,36]
----------------------------------------------------------
^C----------------------------------------------------------
[Inicio: 02/02/2026 12:34:31,68]
----------------------------------------------------------
QObject::~QObject: Timers cannot be stopped from another thread
----------------------------------------------------------
[Inicio: 04/02/2026 11:20:47,26]
----------------------------------------------------------
----------------------------------------------------------
[Inicio: 05/02/2026  9:59:29,55]
----------------------------------------------------------
QObject::~QObject: Timers cannot be stopped from another thread
----------------------------------------------------------
[Inicio: 05/02/2026 11:15:41,22]
----------------------------------------------------------
Traceback (most recent call last):
  File "C:\Users\Ramiro\Downloads\Lubricentro 2.1\main.py", line 123, in _try_add
    exec(import_stmt, namespace, namespace)
  File "<string>", line 1, in <module>
  File "C:\Users\Ramiro\Downloads\Lubricentro 2.1\productos\main_tab.py", line 5, in <module>
    from .precios_tab import PreciosTab
  File "C:\Users\Ramiro\Downloads\Lubricentro 2.1\productos\precios_tab.py", line 633
    2. productos/utils.py
       ^^^^^^^^^
SyntaxError: invalid syntax
Traceback (most recent call last):
  File "C:\Users\Ramiro\Downloads\Lubricentro 2.1\main.py", line 123, in _try_add
    exec(import_stmt, namespace, namespace)
  File "<string>", line 1, in <module>
  File "C:\Users\Ramiro\Downloads\Lubricentro 2.1\costos\__init__.py", line 1, in <module>
    from .main_tab import CostosTab
  File "C:\Users\Ramiro\Downloads\Lubricentro 2.1\costos\main_tab.py", line 4, in <module>
    from .variables import CostosVariablesTab
  File "C:\Users\Ramiro\Downloads\Lubricentro 2.1\costos\variables.py", line 3, in <module>
    from productos.precios_tab import PreciosTab
  File "C:\Users\Ramiro\Downloads\Lubricentro 2.1\productos\precios_tab.py", line 633
    2. productos/utils.py
       ^^^^^^^^^
SyntaxError: invalid syntax
QObject::~QObject: Timers cannot be stopped from another thread
----------------------------------------------------------
[Inicio: 07/02/2026 17:46:32,87]
----------------------------------------------------------
Traceback (most recent call last):
  File "C:\Users\Ramiro\Downloads\Lubricentro 2.1\main.py", line 123, in _try_add
    exec(import_stmt, namespace, namespace)
  File "<string>", line 1, in <module>
  File "C:\Users\Ramiro\Downloads\Lubricentro 2.1\productos\main_tab.py", line 5, in <module>
    from .precios_tab import PreciosTab
  File "C:\Users\Ramiro\Downloads\Lubricentro 2.1\productos\precios_tab.py", line 633
    2. productos/utils.py
       ^^^^^^^^^
SyntaxError: invalid syntax
Traceback (most recent call last):
  File "C:\Users\Ramiro\Downloads\Lubricentro 2.1\main.py", line 123, in _try_add
    exec(import_stmt, namespace, namespace)
  File "<string>", line 1, in <module>
  File "C:\Users\Ramiro\Downloads\Lubricentro 2.1\costos\__init__.py", line 1, in <module>
    from .main_tab import CostosTab
  File "C:\Users\Ramiro\Downloads\Lubricentro 2.1\costos\main_tab.py", line 4, in <module>
    from .variables import CostosVariablesTab
  File "C:\Users\Ramiro\Downloads\Lubricentro 2.1\costos\variables.py", line 3, in <module>
    from productos.precios_tab import PreciosTab
  File "C:\Users\Ramiro\Downloads\Lubricentro 2.1\productos\precios_tab.py", line 633
    2. productos/utils.py
       ^^^^^^^^^
SyntaxError: invalid syntax
QObject::~QObject: Timers cannot be stopped from another thread
